// Jest Snapshot v1, https://goo.gl/fbAQLP

exports[`moduleManifestUtil the original module manifest has a tree of preview components 1`] = `
[
  [
    "Welcome",
    [
      "preview",
      "previewNoUnsubscribe",
    ],
  ],
]
`;
