// Jest Snapshot v1, https://goo.gl/fbAQLP

exports[`usePreviewTree sets routes and cursor from previews 1`] = `
[
  {
    "collapsed": false,
    "displayName": "Emails",
    "level": 0,
    "path": "/previews",
  },
  {
    "collapsed": false,
    "displayName": "AccountCreated",
    "level": 1,
    "path": "/previews/AccountCreated",
    "previewClass": "AccountCreated",
  },
  {
    "collapsed": false,
    "displayName": "accountCreated",
    "level": 2,
    "path": "/previews/Welcome/preview",
    "previewClass": "AccountCreated",
    "previewFunction": "accountCreated",
  },
  {
    "collapsed": false,
    "displayName": "NewSignIn",
    "level": 1,
    "path": "/previews/NewSignIn",
    "previewClass": "NewSignIn",
  },
  {
    "collapsed": false,
    "displayName": "newSignIn",
    "level": 2,
    "path": "/previews/NewSignIn/newSignIn",
    "previewClass": "NewSignIn",
    "previewFunction": "newSignIn",
  },
  {
    "collapsed": false,
    "displayName": "Reservation",
    "level": 1,
    "path": "/previews/Reservation",
    "previewClass": "Reservation",
  },
  {
    "collapsed": false,
    "displayName": "reservationCanceled",
    "level": 2,
    "path": "/previews/Reservation/reservationCanceled",
    "previewClass": "Reservation",
    "previewFunction": "reservationCanceled",
  },
  {
    "collapsed": false,
    "displayName": "reservationChanged",
    "level": 2,
    "path": "/previews/Reservation/reservationChanged",
    "previewClass": "Reservation",
    "previewFunction": "reservationChanged",
  },
  {
    "collapsed": false,
    "displayName": "reservationConfirmed",
    "level": 2,
    "path": "/previews/Reservation/reservationConfirmed",
    "previewClass": "Reservation",
    "previewFunction": "reservationConfirmed",
  },
  {
    "collapsed": false,
    "displayName": "ResetPassword",
    "level": 1,
    "path": "/previews/ResetPassword",
    "previewClass": "ResetPassword",
  },
  {
    "collapsed": false,
    "displayName": "resetPassword",
    "level": 2,
    "path": "/previews/ResetPassword/resetPassword",
    "previewClass": "ResetPassword",
    "previewFunction": "resetPassword",
  },
]
`;
