// Jest Snapshot v1, https://goo.gl/fbAQLP

exports[`index should return previews 1`] = `
{
  "previewText": {
    "/previews/Welcome/preview": "Thank you for installing Mailing :)",
    "/previews/Welcome/previewNoUnsubscribe": "Thank you for installing Mailing :)",
  },
  "previews": [
    [
      "Welcome",
      [
        "preview",
        "previewNoUnsubscribe",
      ],
    ],
  ],
}
`;
